﻿<?xml version="1.0" encoding="utf-8"?>
<bom xmlns:xsi="http://www.w3.org/2001/XMLSchema-instance" xmlns:xsd="http://www.w3.org/2001/XMLSchema" version="1" xmlns="http://cyclonedx.org/schema/bom/1.5">
  <components>
    <component type="library">
      <name>Microsoft.Win32.Primitives</name>
      <version>4.3.0</version>
    </component>
    <component type="library">
      <name>Microsoft.Win32.Registry</name>
      <version>4.3.0</version>
    </component>
    <component type="library">
      <name>NETStandard.Library</name>
      <version>2.0.3</version>
    </component>
    <component type="library">
      <name>Newtonsoft.Json</name>
      <version>9.0.1</version>
    </component>
  </components>
</bom>
