Type,MimeType,Supplier,Author,Publisher,Group,Name,Version,Scope,LicenseExpressions,LicenseNames,Copyright,Cpe,Purl,Modified,SwidTagId,SwidName,SwidVersion,SwidTagVersion,SwidPatch,SwidTextContentType,SwidTextEncoding,SwidTextContent,SwidUrl,MD5,SHA-1,SHA-256,SHA-512,BLAKE2b-256,BLAKE2b-384,BLAKE2b-512,SHA-384,SHA3-256,SHA3-384,SHA3-512,BLAKE3,Description
Application,,,,Acme Inc,com.acme,tomcat-catalina,9.0.14,required,EPL-2.0 OR GPL-2.0 WITH Classpath-exception-2.0,,,,pkg:maven/com.acme/tomcat-catalina@9.0.14?packaging=jar,,,,,,,,,,,3942447fac867ae5cdb3229b658f4d48,e6b1000b94e835ffd37f4c6dcbdad43f4b48a02a,f498a8ff2dd007e29c2074f5e4b01a9a01775c3ff3aeaf6906ea503bc5791b7b,e8f33e424f3f4ed6db76a482fde1a5298970e442c531729119e37991884bdffab4f9426b7ee11fccd074eeda0634d71697d6f88a460dce0ac8d627a29f7d1282,,,,,,,,,Modified version of Apache Catalina
