{
  "bomFormat": "CycloneDX",
  "specVersion": "1.3",
  "version": 1,
  "components": [
    {
      "type": "application",
      "name": "thing1",
      "version": "1",
      "components": [
        {
          "type": "library",
          "name": "acme-library",
          "version": "1.0.0"
        }
      ]
    },
    {
      "type": "application",
      "name": "thing2",
      "version": "1",
      "components": [
        {
          "type": "framework",
          "name": "acme-framework",
          "version": "1.0.0"
        }
      ]
    }
  ]
}
