{
  "bomFormat": "CycloneDX",
  "specVersion": "1.3",
  "version": 1,
  "components": [
    {
      "type": "library",
      "name": "acme-library",
      "version": "1.0.0"
    },
    {
      "type": "framework",
      "name": "acme-framework",
      "version": "1.0.0"
    }
  ]
}
